#-----------------------------------------------------------
# xsim v2023.1 (64-bit)
# SW Build 3865809 on Sun May  7 15:05:29 MDT 2023
# IP Build 3864474 on Sun May  7 20:36:21 MDT 2023
# SharedData Build 3865790 on Sun May 07 13:33:03 MDT 2023
# Start of session at: Tue Apr 28 14:42:21 2026
# Process ID: 77624
# Current directory: C:/Users/dtk/cw305-shell/examples/aes128_hls/hls_cw305_aes_enc/solution0/sim/verilog
# Command line: xsim.exe -mode tcl -source {xsim.dir/AES128Encrypt/xsim_script.tcl}
# Log file: C:/Users/dtk/cw305-shell/examples/aes128_hls/hls_cw305_aes_enc/solution0/sim/verilog/xsim.log
# Journal file: C:/Users/dtk/cw305-shell/examples/aes128_hls/hls_cw305_aes_enc/solution0/sim/verilog\xsim.jou
# Running On: DTKLaptop, OS: Windows, CPU Frequency: 2419 MHz, CPU Physical cores: 24, Host memory: 34086 MB
#-----------------------------------------------------------
source xsim.dir/AES128Encrypt/xsim_script.tcl
open_wave_config AES128Encrypt_dataflow_ana.wcfg
source AES128Encrypt.tcl
