

================================================================
== Vitis HLS Report for 'MixColumns'
================================================================
* Date:           Tue Apr 28 14:41:49 2026

* Version:        2023.1 (Build 3854077 on May  4 2023)
* Project:        hls_cw305_aes_enc
* Solution:       solution0 (Vitis Kernel Flow Target)
* Product family: artix7
* Target device:  xc7a100t-ftg256-2


================================================================
== Performance Estimates
================================================================
+ Timing: 
    * Summary: 
    +--------+----------+----------+------------+
    |  Clock |  Target  | Estimated| Uncertainty|
    +--------+----------+----------+------------+
    |ap_clk  |  20.00 ns|  1.876 ns|     5.40 ns|
    +--------+----------+----------+------------+

+ Latency: 
    * Summary: 
    +---------+---------+----------+----------+-----+-----+---------+
    |  Latency (cycles) |  Latency (absolute) |  Interval | Pipeline|
    |   min   |   max   |    min   |    max   | min | max |   Type  |
    +---------+---------+----------+----------+-----+-----+---------+
    |        0|        0|      0 ns|      0 ns|    1|    1|      yes|
    +---------+---------+----------+----------+-----+-----+---------+

    + Detail: 
        * Instance: 
        N/A

        * Loop: 
        N/A



================================================================
== Utilization Estimates
================================================================
* Summary: 
+-----------------+---------+-----+--------+-------+-----+
|       Name      | BRAM_18K| DSP |   FF   |  LUT  | URAM|
+-----------------+---------+-----+--------+-------+-----+
|DSP              |        -|    -|       -|      -|    -|
|Expression       |        -|    -|       0|    736|    -|
|FIFO             |        -|    -|       -|      -|    -|
|Instance         |        -|    -|       -|      -|    -|
|Memory           |        -|    -|       -|      -|    -|
|Multiplexer      |        -|    -|       -|      -|    -|
|Register         |        -|    -|       -|      -|    -|
+-----------------+---------+-----+--------+-------+-----+
|Total            |        0|    0|       0|    736|    0|
+-----------------+---------+-----+--------+-------+-----+
|Available        |      270|  240|  126800|  63400|    0|
+-----------------+---------+-----+--------+-------+-----+
|Utilization (%)  |        0|    0|       0|      1|    0|
+-----------------+---------+-----+--------+-------+-----+

+ Detail: 
    * Instance: 
    N/A

    * DSP: 
    N/A

    * Memory: 
    N/A

    * FIFO: 
    N/A

    * Expression: 
    +-------------------------+----------+----+---+----+------------+------------+
    |      Variable Name      | Operation| DSP| FF| LUT| Bitwidth P0| Bitwidth P1|
    +-------------------------+----------+----+---+----+------------+------------+
    |y_63_fu_160_p3           |    select|   0|  0|   8|           1|           8|
    |y_64_fu_188_p3           |    select|   0|  0|   8|           1|           8|
    |y_65_fu_216_p3           |    select|   0|  0|   8|           1|           8|
    |y_66_fu_244_p3           |    select|   0|  0|   8|           1|           8|
    |y_67_fu_362_p3           |    select|   0|  0|   8|           1|           8|
    |y_68_fu_390_p3           |    select|   0|  0|   8|           1|           8|
    |y_69_fu_418_p3           |    select|   0|  0|   8|           1|           8|
    |y_70_fu_446_p3           |    select|   0|  0|   8|           1|           8|
    |y_71_fu_564_p3           |    select|   0|  0|   8|           1|           8|
    |y_72_fu_592_p3           |    select|   0|  0|   8|           1|           8|
    |y_73_fu_620_p3           |    select|   0|  0|   8|           1|           8|
    |y_74_fu_648_p3           |    select|   0|  0|   8|           1|           8|
    |y_75_fu_766_p3           |    select|   0|  0|   8|           1|           8|
    |y_76_fu_794_p3           |    select|   0|  0|   8|           1|           8|
    |y_77_fu_822_p3           |    select|   0|  0|   8|           1|           8|
    |y_78_fu_850_p3           |    select|   0|  0|   8|           1|           8|
    |next_state_10_fu_722_p2  |       xor|   0|  0|   8|           8|           8|
    |next_state_11_fu_740_p2  |       xor|   0|  0|   8|           8|           8|
    |next_state_12_fu_876_p2  |       xor|   0|  0|   8|           8|           8|
    |next_state_13_fu_900_p2  |       xor|   0|  0|   8|           8|           8|
    |next_state_14_fu_924_p2  |       xor|   0|  0|   8|           8|           8|
    |next_state_15_fu_942_p2  |       xor|   0|  0|   8|           8|           8|
    |next_state_1_fu_294_p2   |       xor|   0|  0|   8|           8|           8|
    |next_state_2_fu_318_p2   |       xor|   0|  0|   8|           8|           8|
    |next_state_3_fu_336_p2   |       xor|   0|  0|   8|           8|           8|
    |next_state_4_fu_472_p2   |       xor|   0|  0|   8|           8|           8|
    |next_state_5_fu_496_p2   |       xor|   0|  0|   8|           8|           8|
    |next_state_6_fu_520_p2   |       xor|   0|  0|   8|           8|           8|
    |next_state_7_fu_538_p2   |       xor|   0|  0|   8|           8|           8|
    |next_state_8_fu_674_p2   |       xor|   0|  0|   8|           8|           8|
    |next_state_9_fu_698_p2   |       xor|   0|  0|   8|           8|           8|
    |next_state_fu_270_p2     |       xor|   0|  0|   8|           8|           8|
    |xor_ln142_10_fu_668_p2   |       xor|   0|  0|   8|           8|           8|
    |xor_ln142_12_fu_858_p2   |       xor|   0|  0|   8|           8|           8|
    |xor_ln142_13_fu_864_p2   |       xor|   0|  0|   8|           8|           8|
    |xor_ln142_14_fu_870_p2   |       xor|   0|  0|   8|           8|           8|
    |xor_ln142_1_fu_258_p2    |       xor|   0|  0|   8|           8|           8|
    |xor_ln142_2_fu_264_p2    |       xor|   0|  0|   8|           8|           8|
    |xor_ln142_4_fu_454_p2    |       xor|   0|  0|   8|           8|           8|
    |xor_ln142_5_fu_460_p2    |       xor|   0|  0|   8|           8|           8|
    |xor_ln142_6_fu_466_p2    |       xor|   0|  0|   8|           8|           8|
    |xor_ln142_8_fu_656_p2    |       xor|   0|  0|   8|           8|           8|
    |xor_ln142_9_fu_662_p2    |       xor|   0|  0|   8|           8|           8|
    |xor_ln142_fu_252_p2      |       xor|   0|  0|   8|           8|           8|
    |xor_ln143_10_fu_692_p2   |       xor|   0|  0|   8|           8|           8|
    |xor_ln143_12_fu_882_p2   |       xor|   0|  0|   8|           8|           8|
    |xor_ln143_13_fu_888_p2   |       xor|   0|  0|   8|           8|           8|
    |xor_ln143_14_fu_894_p2   |       xor|   0|  0|   8|           8|           8|
    |xor_ln143_1_fu_282_p2    |       xor|   0|  0|   8|           8|           8|
    |xor_ln143_2_fu_288_p2    |       xor|   0|  0|   8|           8|           8|
    |xor_ln143_4_fu_478_p2    |       xor|   0|  0|   8|           8|           8|
    |xor_ln143_5_fu_484_p2    |       xor|   0|  0|   8|           8|           8|
    |xor_ln143_6_fu_490_p2    |       xor|   0|  0|   8|           8|           8|
    |xor_ln143_8_fu_680_p2    |       xor|   0|  0|   8|           8|           8|
    |xor_ln143_9_fu_686_p2    |       xor|   0|  0|   8|           8|           8|
    |xor_ln143_fu_276_p2      |       xor|   0|  0|   8|           8|           8|
    |xor_ln144_10_fu_716_p2   |       xor|   0|  0|   8|           8|           8|
    |xor_ln144_12_fu_906_p2   |       xor|   0|  0|   8|           8|           8|
    |xor_ln144_13_fu_912_p2   |       xor|   0|  0|   8|           8|           8|
    |xor_ln144_14_fu_918_p2   |       xor|   0|  0|   8|           8|           8|
    |xor_ln144_1_fu_306_p2    |       xor|   0|  0|   8|           8|           8|
    |xor_ln144_2_fu_312_p2    |       xor|   0|  0|   8|           8|           8|
    |xor_ln144_4_fu_502_p2    |       xor|   0|  0|   8|           8|           8|
    |xor_ln144_5_fu_508_p2    |       xor|   0|  0|   8|           8|           8|
    |xor_ln144_6_fu_514_p2    |       xor|   0|  0|   8|           8|           8|
    |xor_ln144_8_fu_704_p2    |       xor|   0|  0|   8|           8|           8|
    |xor_ln144_9_fu_710_p2    |       xor|   0|  0|   8|           8|           8|
    |xor_ln144_fu_300_p2      |       xor|   0|  0|   8|           8|           8|
    |xor_ln145_10_fu_936_p2   |       xor|   0|  0|   8|           8|           8|
    |xor_ln145_1_fu_330_p2    |       xor|   0|  0|   8|           8|           8|
    |xor_ln145_3_fu_526_p2    |       xor|   0|  0|   8|           8|           8|
    |xor_ln145_4_fu_532_p2    |       xor|   0|  0|   8|           8|           8|
    |xor_ln145_6_fu_728_p2    |       xor|   0|  0|   8|           8|           8|
    |xor_ln145_7_fu_734_p2    |       xor|   0|  0|   8|           8|           8|
    |xor_ln145_9_fu_930_p2    |       xor|   0|  0|   8|           8|           8|
    |xor_ln145_fu_324_p2      |       xor|   0|  0|   8|           8|           8|
    |y_16_fu_154_p2           |       xor|   0|  0|   8|           8|           5|
    |y_19_fu_182_p2           |       xor|   0|  0|   8|           8|           5|
    |y_22_fu_210_p2           |       xor|   0|  0|   8|           8|           5|
    |y_25_fu_238_p2           |       xor|   0|  0|   8|           8|           5|
    |y_28_fu_356_p2           |       xor|   0|  0|   8|           8|           5|
    |y_31_fu_384_p2           |       xor|   0|  0|   8|           8|           5|
    |y_34_fu_412_p2           |       xor|   0|  0|   8|           8|           5|
    |y_37_fu_440_p2           |       xor|   0|  0|   8|           8|           5|
    |y_40_fu_558_p2           |       xor|   0|  0|   8|           8|           5|
    |y_43_fu_586_p2           |       xor|   0|  0|   8|           8|           5|
    |y_46_fu_614_p2           |       xor|   0|  0|   8|           8|           5|
    |y_49_fu_642_p2           |       xor|   0|  0|   8|           8|           5|
    |y_52_fu_760_p2           |       xor|   0|  0|   8|           8|           5|
    |y_55_fu_788_p2           |       xor|   0|  0|   8|           8|           5|
    |y_58_fu_816_p2           |       xor|   0|  0|   8|           8|           5|
    |y_61_fu_844_p2           |       xor|   0|  0|   8|           8|           5|
    +-------------------------+----------+----+---+----+------------+------------+
    |Total                    |          |   0|  0| 736|         624|         688|
    +-------------------------+----------+----+---+----+------------+------------+

    * Multiplexer: 
    N/A

    * Register: 
    N/A



================================================================
== Interface
================================================================
* Summary: 
+-----------------+-----+-----+------------+-----------------+--------------+
|    RTL Ports    | Dir | Bits|  Protocol  |  Source Object  |    C Type    |
+-----------------+-----+-----+------------+-----------------+--------------+
|ap_ready         |  out|    1|  ap_ctrl_hs|       MixColumns|  return value|
|ap_return_0      |  out|    8|  ap_ctrl_hs|       MixColumns|  return value|
|ap_return_1      |  out|    8|  ap_ctrl_hs|       MixColumns|  return value|
|ap_return_2      |  out|    8|  ap_ctrl_hs|       MixColumns|  return value|
|ap_return_3      |  out|    8|  ap_ctrl_hs|       MixColumns|  return value|
|ap_return_4      |  out|    8|  ap_ctrl_hs|       MixColumns|  return value|
|ap_return_5      |  out|    8|  ap_ctrl_hs|       MixColumns|  return value|
|ap_return_6      |  out|    8|  ap_ctrl_hs|       MixColumns|  return value|
|ap_return_7      |  out|    8|  ap_ctrl_hs|       MixColumns|  return value|
|ap_return_8      |  out|    8|  ap_ctrl_hs|       MixColumns|  return value|
|ap_return_9      |  out|    8|  ap_ctrl_hs|       MixColumns|  return value|
|ap_return_10     |  out|    8|  ap_ctrl_hs|       MixColumns|  return value|
|ap_return_11     |  out|    8|  ap_ctrl_hs|       MixColumns|  return value|
|ap_return_12     |  out|    8|  ap_ctrl_hs|       MixColumns|  return value|
|ap_return_13     |  out|    8|  ap_ctrl_hs|       MixColumns|  return value|
|ap_return_14     |  out|    8|  ap_ctrl_hs|       MixColumns|  return value|
|ap_return_15     |  out|    8|  ap_ctrl_hs|       MixColumns|  return value|
|state_0_read     |   in|    8|     ap_none|     state_0_read|        scalar|
|state_1_read     |   in|    8|     ap_none|     state_1_read|        scalar|
|state_2_read     |   in|    8|     ap_none|     state_2_read|        scalar|
|state_3_read     |   in|    8|     ap_none|     state_3_read|        scalar|
|state_4_read     |   in|    8|     ap_none|     state_4_read|        scalar|
|state_5_read     |   in|    8|     ap_none|     state_5_read|        scalar|
|state_6_read     |   in|    8|     ap_none|     state_6_read|        scalar|
|state_7_read     |   in|    8|     ap_none|     state_7_read|        scalar|
|state_8_read     |   in|    8|     ap_none|     state_8_read|        scalar|
|state_9_read     |   in|    8|     ap_none|     state_9_read|        scalar|
|state_10_read    |   in|    8|     ap_none|    state_10_read|        scalar|
|state_11_read    |   in|    8|     ap_none|    state_11_read|        scalar|
|state_1213_read  |   in|    8|     ap_none|  state_1213_read|        scalar|
|state_13_read    |   in|    8|     ap_none|    state_13_read|        scalar|
|state_14_read    |   in|    8|     ap_none|    state_14_read|        scalar|
|state_15_read    |   in|    8|     ap_none|    state_15_read|        scalar|
+-----------------+-----+-----+------------+-----------------+--------------+

