

================================================================
== Vitis HLS Report for 'Sbox'
================================================================
* Date:           Tue Apr 28 14:41:48 2026

* Version:        2023.1 (Build 3854077 on May  4 2023)
* Project:        hls_cw305_aes_enc
* Solution:       solution0 (Vitis Kernel Flow Target)
* Product family: artix7
* Target device:  xc7a100t-ftg256-2


================================================================
== Performance Estimates
================================================================
+ Timing: 
    * Summary: 
    +--------+----------+-----------+------------+
    |  Clock |  Target  | Estimated | Uncertainty|
    +--------+----------+-----------+------------+
    |ap_clk  |  20.00 ns|  12.686 ns|     5.40 ns|
    +--------+----------+-----------+------------+

+ Latency: 
    * Summary: 
    +---------+---------+----------+----------+-----+-----+---------+
    |  Latency (cycles) |  Latency (absolute) |  Interval | Pipeline|
    |   min   |   max   |    min   |    max   | min | max |   Type  |
    +---------+---------+----------+----------+-----+-----+---------+
    |        0|        0|      0 ns|      0 ns|    1|    1|      yes|
    +---------+---------+----------+----------+-----+-----+---------+

    + Detail: 
        * Instance: 
        N/A

        * Loop: 
        N/A



================================================================
== Utilization Estimates
================================================================
* Summary: 
+-----------------+---------+-----+--------+-------+-----+
|       Name      | BRAM_18K| DSP |   FF   |  LUT  | URAM|
+-----------------+---------+-----+--------+-------+-----+
|DSP              |        -|    -|       -|      -|    -|
|Expression       |        -|    -|       0|    341|    -|
|FIFO             |        -|    -|       -|      -|    -|
|Instance         |        -|    -|       -|      -|    -|
|Memory           |        -|    -|       -|      -|    -|
|Multiplexer      |        -|    -|       -|      -|    -|
|Register         |        -|    -|       -|      -|    -|
+-----------------+---------+-----+--------+-------+-----+
|Total            |        0|    0|       0|    341|    0|
+-----------------+---------+-----+--------+-------+-----+
|Available        |      270|  240|  126800|  63400|    0|
+-----------------+---------+-----+--------+-------+-----+
|Utilization (%)  |        0|    0|       0|     ~0|    0|
+-----------------+---------+-----+--------+-------+-----+

+ Detail: 
    * Instance: 
    N/A

    * DSP: 
    N/A

    * Memory: 
    N/A

    * FIFO: 
    N/A

    * Expression: 
    +-------------------------+----------+----+---+----+------------+------------+
    |      Variable Name      | Operation| DSP| FF| LUT| Bitwidth P0| Bitwidth P1|
    +-------------------------+----------+----+---+----+------------+------------+
    |and_ln54_10_fu_712_p2    |       and|   0|  0|   2|           1|           1|
    |and_ln54_11_fu_732_p2    |       and|   0|  0|   2|           1|           1|
    |and_ln54_12_fu_1206_p2   |       and|   0|  0|   2|           2|           2|
    |and_ln54_13_fu_1212_p2   |       and|   0|  0|   2|           1|           1|
    |and_ln54_14_fu_1226_p2   |       and|   0|  0|   2|           1|           1|
    |and_ln54_15_fu_1238_p2   |       and|   0|  0|   2|           1|           1|
    |and_ln54_16_fu_1256_p2   |       and|   0|  0|   2|           2|           2|
    |and_ln54_17_fu_1262_p2   |       and|   0|  0|   2|           1|           1|
    |and_ln54_18_fu_1284_p2   |       and|   0|  0|   2|           1|           1|
    |and_ln54_19_fu_1304_p2   |       and|   0|  0|   2|           1|           1|
    |and_ln54_1_fu_566_p2     |       and|   0|  0|   2|           1|           1|
    |and_ln54_20_fu_1330_p2   |       and|   0|  0|   2|           2|           2|
    |and_ln54_21_fu_1336_p2   |       and|   0|  0|   2|           1|           1|
    |and_ln54_22_fu_1350_p2   |       and|   0|  0|   2|           1|           1|
    |and_ln54_23_fu_1362_p2   |       and|   0|  0|   2|           1|           1|
    |and_ln54_24_fu_1414_p2   |       and|   0|  0|   2|           2|           2|
    |and_ln54_25_fu_1420_p2   |       and|   0|  0|   2|           1|           1|
    |and_ln54_26_fu_1434_p2   |       and|   0|  0|   2|           1|           1|
    |and_ln54_27_fu_1446_p2   |       and|   0|  0|   2|           1|           1|
    |and_ln54_28_fu_1464_p2   |       and|   0|  0|   2|           2|           2|
    |and_ln54_29_fu_1470_p2   |       and|   0|  0|   2|           1|           1|
    |and_ln54_2_fu_580_p2     |       and|   0|  0|   2|           1|           1|
    |and_ln54_30_fu_1484_p2   |       and|   0|  0|   2|           1|           1|
    |and_ln54_31_fu_1496_p2   |       and|   0|  0|   2|           1|           1|
    |and_ln54_32_fu_1522_p2   |       and|   0|  0|   2|           2|           2|
    |and_ln54_33_fu_1528_p2   |       and|   0|  0|   2|           1|           1|
    |and_ln54_34_fu_1542_p2   |       and|   0|  0|   2|           1|           1|
    |and_ln54_35_fu_1554_p2   |       and|   0|  0|   2|           1|           1|
    |and_ln54_3_fu_600_p2     |       and|   0|  0|   2|           1|           1|
    |and_ln54_4_fu_618_p2     |       and|   0|  0|   2|           2|           2|
    |and_ln54_5_fu_624_p2     |       and|   0|  0|   2|           1|           1|
    |and_ln54_6_fu_646_p2     |       and|   0|  0|   2|           1|           1|
    |and_ln54_7_fu_666_p2     |       and|   0|  0|   2|           1|           1|
    |and_ln54_8_fu_692_p2     |       and|   0|  0|   2|           2|           2|
    |and_ln54_9_fu_698_p2     |       and|   0|  0|   2|           1|           1|
    |and_ln54_fu_560_p2       |       and|   0|  0|   2|           2|           2|
    |icmp_ln155_1_fu_906_p2   |      icmp|   0|  0|  13|           4|           4|
    |icmp_ln155_fu_880_p2     |      icmp|   0|  0|  13|           4|           3|
    |icmp_ln156_1_fu_994_p2   |      icmp|   0|  0|  11|           3|           3|
    |icmp_ln156_fu_952_p2     |      icmp|   0|  0|  13|           4|           3|
    |icmp_ln157_1_fu_1046_p2  |      icmp|   0|  0|  13|           4|           4|
    |icmp_ln157_2_fu_1066_p2  |      icmp|   0|  0|  11|           3|           3|
    |icmp_ln157_fu_1026_p2    |      icmp|   0|  0|  13|           4|           4|
    |icmp_ln158_fu_1122_p2    |      icmp|   0|  0|  11|           3|           2|
    |ap_return                |       xor|   0|  0|   8|           8|           7|
    |g0_plus_g1_fu_488_p2     |       xor|   0|  0|   4|           4|           4|
    |gf4_inv_in_fu_830_p2     |       xor|   0|  0|   4|           4|           4|
    |m0_1_fu_1402_p2          |       xor|   0|  0|   2|           2|           2|
    |m0_2_fu_1594_p2          |       xor|   0|  0|   2|           2|           2|
    |m0_fu_772_p2             |       xor|   0|  0|   2|           2|           2|
    |m1_1_fu_1408_p2          |       xor|   0|  0|   2|           2|           2|
    |m1_2_fu_1600_p2          |       xor|   0|  0|   2|           2|           2|
    |m1_fu_778_p2             |       xor|   0|  0|   2|           2|           2|
    |x_7_fu_1182_p2           |       xor|   0|  0|   2|           2|           2|
    |x_fu_536_p2              |       xor|   0|  0|   2|           2|           2|
    |xor_ln105_fu_452_p2      |       xor|   0|  0|   2|           1|           1|
    |xor_ln106_1_fu_464_p2    |       xor|   0|  0|   2|           1|           1|
    |xor_ln106_2_fu_470_p2    |       xor|   0|  0|   2|           1|           1|
    |xor_ln106_fu_458_p2      |       xor|   0|  0|   2|           1|           1|
    |xor_ln133_2_fu_1188_p2   |       xor|   0|  0|   2|           1|           1|
    |xor_ln133_fu_542_p2      |       xor|   0|  0|   2|           1|           1|
    |xor_ln146_fu_784_p2      |       xor|   0|  0|   2|           1|           1|
    |xor_ln155_1_fu_912_p2    |       xor|   0|  0|   2|           1|           1|
    |xor_ln155_2_fu_926_p2    |       xor|   0|  0|   2|           1|           1|
    |xor_ln155_fu_886_p2      |       xor|   0|  0|   2|           1|           1|
    |xor_ln156_1_fu_964_p2    |       xor|   0|  0|   2|           1|           1|
    |xor_ln156_2_fu_970_p2    |       xor|   0|  0|   2|           1|           1|
    |xor_ln156_3_fu_1000_p2   |       xor|   0|  0|   2|           1|           1|
    |xor_ln156_fu_958_p2      |       xor|   0|  0|   2|           1|           1|
    |xor_ln157_1_fu_1078_p2   |       xor|   0|  0|   2|           1|           1|
    |xor_ln157_2_fu_1084_p2   |       xor|   0|  0|   2|           1|           1|
    |xor_ln157_3_fu_1098_p2   |       xor|   0|  0|   2|           1|           1|
    |xor_ln157_fu_1072_p2     |       xor|   0|  0|   2|           1|           1|
    |xor_ln158_1_fu_1110_p2   |       xor|   0|  0|   2|           1|           1|
    |xor_ln158_2_fu_1116_p2   |       xor|   0|  0|   2|           1|           1|
    |xor_ln158_3_fu_1128_p2   |       xor|   0|  0|   2|           1|           1|
    |xor_ln158_4_fu_1134_p2   |       xor|   0|  0|   2|           1|           1|
    |xor_ln158_5_fu_1140_p2   |       xor|   0|  0|   2|           1|           1|
    |xor_ln158_6_fu_1146_p2   |       xor|   0|  0|   2|           1|           1|
    |xor_ln158_7_fu_1152_p2   |       xor|   0|  0|   2|           1|           1|
    |xor_ln158_fu_1104_p2     |       xor|   0|  0|   2|           1|           1|
    |xor_ln181_2_fu_836_p2    |       xor|   0|  0|   2|           2|           2|
    |xor_ln181_3_fu_842_p2    |       xor|   0|  0|   3|           3|           3|
    |xor_ln181_4_fu_848_p2    |       xor|   0|  0|   2|           1|           1|
    |xor_ln181_fu_790_p2      |       xor|   0|  0|   2|           1|           1|
    |xor_ln185_fu_1606_p2     |       xor|   0|  0|   2|           1|           1|
    |xor_ln51_1_fu_1200_p2    |       xor|   0|  0|   2|           1|           1|
    |xor_ln51_fu_554_p2       |       xor|   0|  0|   2|           1|           1|
    |xor_ln54_10_fu_672_p2    |       xor|   0|  0|   2|           1|           1|
    |xor_ln54_11_fu_738_p2    |       xor|   0|  0|   2|           1|           1|
    |xor_ln54_12_fu_1244_p2   |       xor|   0|  0|   2|           1|           1|
    |xor_ln54_13_fu_1310_p2   |       xor|   0|  0|   2|           1|           1|
    |xor_ln54_14_fu_1368_p2   |       xor|   0|  0|   2|           1|           1|
    |xor_ln54_15_fu_1452_p2   |       xor|   0|  0|   2|           1|           1|
    |xor_ln54_16_fu_1502_p2   |       xor|   0|  0|   2|           1|           1|
    |xor_ln54_17_fu_1560_p2   |       xor|   0|  0|   2|           1|           1|
    |xor_ln54_1_fu_652_p2     |       xor|   0|  0|   2|           1|           1|
    |xor_ln54_2_fu_718_p2     |       xor|   0|  0|   2|           1|           1|
    |xor_ln54_3_fu_1232_p2    |       xor|   0|  0|   2|           1|           1|
    |xor_ln54_4_fu_1290_p2    |       xor|   0|  0|   2|           1|           1|
    |xor_ln54_5_fu_1356_p2    |       xor|   0|  0|   2|           1|           1|
    |xor_ln54_6_fu_1440_p2    |       xor|   0|  0|   2|           1|           1|
    |xor_ln54_7_fu_1490_p2    |       xor|   0|  0|   2|           1|           1|
    |xor_ln54_8_fu_1548_p2    |       xor|   0|  0|   2|           1|           1|
    |xor_ln54_9_fu_606_p2     |       xor|   0|  0|   2|           1|           1|
    |xor_ln54_fu_586_p2       |       xor|   0|  0|   2|           1|           1|
    |xor_ln55_1_fu_678_p2     |       xor|   0|  0|   2|           1|           1|
    |xor_ln55_2_fu_744_p2     |       xor|   0|  0|   2|           1|           1|
    |xor_ln55_3_fu_1250_p2    |       xor|   0|  0|   2|           1|           1|
    |xor_ln55_4_fu_1316_p2    |       xor|   0|  0|   2|           1|           1|
    |xor_ln55_5_fu_1374_p2    |       xor|   0|  0|   2|           1|           1|
    |xor_ln55_6_fu_1458_p2    |       xor|   0|  0|   2|           1|           1|
    |xor_ln55_7_fu_1508_p2    |       xor|   0|  0|   2|           1|           1|
    |xor_ln55_8_fu_1566_p2    |       xor|   0|  0|   2|           1|           1|
    |xor_ln55_fu_612_p2       |       xor|   0|  0|   2|           1|           1|
    |xor_ln63_1_fu_1388_p2    |       xor|   0|  0|   2|           1|           1|
    |xor_ln63_2_fu_1580_p2    |       xor|   0|  0|   2|           1|           1|
    |xor_ln63_fu_758_p2       |       xor|   0|  0|   2|           1|           1|
    |xor_ln94_fu_428_p2       |       xor|   0|  0|   2|           1|           1|
    |xor_ln95_fu_434_p2       |       xor|   0|  0|   2|           1|           1|
    |xor_ln96_1_fu_446_p2     |       xor|   0|  0|   2|           1|           1|
    |xor_ln96_fu_440_p2       |       xor|   0|  0|   2|           1|           1|
    |y_3_fu_548_p2            |       xor|   0|  0|   2|           2|           2|
    |y_7_fu_1194_p2           |       xor|   0|  0|   2|           2|           2|
    +-------------------------+----------+----+---+----+------------+------------+
    |Total                    |          |   0|  0| 341|         180|         176|
    +-------------------------+----------+----+---+----+------------+------------+

    * Multiplexer: 
    N/A

    * Register: 
    N/A



================================================================
== Interface
================================================================
* Summary: 
+-----------+-----+-----+------------+--------------+--------------+
| RTL Ports | Dir | Bits|  Protocol  | Source Object|    C Type    |
+-----------+-----+-----+------------+--------------+--------------+
|ap_ready   |  out|    1|  ap_ctrl_hs|          Sbox|  return value|
|ap_return  |  out|    8|  ap_ctrl_hs|          Sbox|  return value|
|in_val     |   in|    8|     ap_none|        in_val|        scalar|
+-----------+-----+-----+------------+--------------+--------------+

